// Jest Snapshot v1, https://goo.gl/fbAQLP

exports[`NewPetForm that it matches an existing snapshot 1`] = `
<form
  className="dan-class"
  id="new-pet"
  onSubmit={[Function]}
>
  <div>
    <label
      htmlFor="name"
    >
      Pet Name
    </label>
    <input
      name="name"
      onChange={[Function]}
      type="text"
      value=""
    />
  </div>
  <div>
    <label
      htmlFor="breed"
    >
      Breed
    </label>
    <input
      name="breed"
      onChange={[Function]}
      type="text"
      value=""
    />
  </div>
  <div>
    <label
      htmlFor="age"
    >
      Age
    </label>
    <input
      name="age"
      onChange={[Function]}
      pattern="[0-9]*"
      type="number"
      value=""
    />
  </div>
  <div>
    <label
      htmlFor="about"
    >
      About
    </label>
    <input
      name="about"
      onChange={[Function]}
      type="text"
      value=""
    />
  </div>
  <input
    type="submit"
    value="Add Pet"
  />
</form>
`;
