// Jest Snapshot v1, https://goo.gl/fbAQLP

exports[`Pet that it matches an existing snapshot 1`] = `
<tr
  className="pet"
>
  <td>
    test name
  </td>
  <td>
    test breed
  </td>
  <td />
  <td />
</tr>
`;
